// Jest Snapshot v1, https://goo.gl/fbAQLP

exports[`LoadingState Snapshot should match snapshot 1`] = `
<DocumentFragment>
  <div
    class="text-center py-12"
  >
    <div
      class="flex justify-center mb-4"
    >
      <div
        class="animate-spin rounded-full h-8 w-8 border-b-2 border-purple-600"
      />
    </div>
    <p
      class="text-gray-500"
    >
      Loading tasks...
    </p>
  </div>
</DocumentFragment>
`;
